---
source: crates/forge_app/src/operation.rs
expression: to_value(actual)
---
<task_list
  total_tasks="5"
  pending_tasks="2"
  in_progress_tasks="2"
  done_tasks="1"
>
<task
  id="1"
  status="IN_PROGRESS"
><![CDATA[Review pull request #123]]>
</task>
<task
  id="2"
  status="PENDING"
><![CDATA[Fix bug in authentication]]>
</task>
<task
  id="3"
  status="DONE"
><![CDATA[Deploy to staging]]>
</task>
<task
  id="4"
  status="PENDING"
><![CDATA[Update API documentation]]>
</task>
<task
  id="5"
  status="IN_PROGRESS"
><![CDATA[Refactor user service]]>
</task>
</task_list>
