---
source: crates/forge_domain/src/transformer/set_model.rs
expression: snapshot
snapshot_kind: text
---
transformation: SetModel(gpt-4)
before:
  messages:
    - text:
        role: System
        content: System message
        tool_calls: ~
        model: ~
    - text:
        role: User
        content: User message 1
        tool_calls: ~
        model: ~
    - text:
        role: Assistant
        content: Assistant response
        tool_calls: ~
        model: ~
    - text:
        role: User
        content: User message 2
        tool_calls: ~
        model: ~
after:
  messages:
    - text:
        role: System
        content: System message
        tool_calls: ~
        model: ~
    - text:
        role: User
        content: User message 1
        tool_calls: ~
        model: gpt-4
    - text:
        role: Assistant
        content: Assistant response
        tool_calls: ~
        model: ~
    - text:
        role: User
        content: User message 2
        tool_calls: ~
        model: gpt-4
