---
source: crates/forge_domain/src/transformer/drop_reasoning_details.rs
expression: snapshot
---
transformation: DropReasoningDetails
before:
  messages:
    - text:
        role: User
        content: User message with reasoning
        tool_calls: ~
        model: ~
        reasoning_details:
          - text: I need to think about this
            signature: ~
    - text:
        role: Assistant
        content: Assistant response with reasoning
        tool_calls: ~
        model: ~
        reasoning_details:
          - text: I need to think about this
            signature: ~
after:
  messages:
    - text:
        role: User
        content: User message with reasoning
        tool_calls: ~
        model: ~
        reasoning_details: ~
    - text:
        role: Assistant
        content: Assistant response with reasoning
        tool_calls: ~
        model: ~
        reasoning_details: ~
